14:02:14-scGPT-INFO-_train_step: | epoch   1 | 100/342 batches | lr 0.00000001 | ms/batch 948.76 | loss  2.80 | cls  2.80 | err  0.73 | 
14:03:42-scGPT-INFO-_train_step: | epoch   1 | 200/342 batches | lr 0.00000001 | ms/batch 882.20 | loss  2.77 | cls  2.77 | err  0.73 | 
14:05:11-scGPT-INFO-_train_step: | epoch   1 | 300/342 batches | lr 0.00000001 | ms/batch 882.83 | loss  2.73 | cls  2.73 | err  0.70 | 
14:06:14-scGPT-INFO-train: Test results on Muraro: {'test/accuracy': 0.3826578699340245, 'test/precision': 0.042517541103780504, 'test/recall': 0.1111111111111111, 'test/macro_f1': 0.06150117397561161}
14:06:14-scGPT-INFO-train: Test results on Xin: {'test/accuracy': 0.5900621118012422, 'test/precision': 0.14751552795031056, 'test/recall': 0.25, 'test/macro_f1': 0.185546875}
14:06:14-scGPT-INFO-train: -----------------------------------------------------------------------------------------
14:06:14-scGPT-INFO-train: | end of epoch   1 | time: 337.71s | valid loss/mse 2.6833 | err 0.6801
14:06:14-scGPT-INFO-train: -----------------------------------------------------------------------------------------
14:06:14-scGPT-INFO-train: Best model with score 2.6833
14:07:47-scGPT-INFO-_train_step: | epoch   2 | 100/342 batches | lr 0.00000005 | ms/batch 891.97 | loss  2.72 | cls  2.72 | err  0.71 | 
14:09:15-scGPT-INFO-_train_step: | epoch   2 | 200/342 batches | lr 0.00000005 | ms/batch 882.96 | loss  2.62 | cls  2.62 | err  0.68 | 
14:10:43-scGPT-INFO-_train_step: | epoch   2 | 300/342 batches | lr 0.00000005 | ms/batch 882.95 | loss  2.55 | cls  2.55 | err  0.66 | 
14:11:46-scGPT-INFO-train: Test results on Muraro: {'test/accuracy': 0.3826578699340245, 'test/precision': 0.042517541103780504, 'test/recall': 0.1111111111111111, 'test/macro_f1': 0.06150117397561161}
14:11:46-scGPT-INFO-train: Test results on Xin: {'test/accuracy': 0.5900621118012422, 'test/precision': 0.14751552795031056, 'test/recall': 0.25, 'test/macro_f1': 0.185546875}
14:11:46-scGPT-INFO-train: -----------------------------------------------------------------------------------------
14:11:46-scGPT-INFO-train: | end of epoch   2 | time: 331.97s | valid loss/mse 2.4363 | err 0.6801
14:11:46-scGPT-INFO-train: -----------------------------------------------------------------------------------------
14:11:46-scGPT-INFO-train: Best model with score 2.4363
14:13:19-scGPT-INFO-_train_step: | epoch   3 | 100/342 batches | lr 0.00000025 | ms/batch 892.64 | loss  2.39 | cls  2.39 | err  0.68 | 
14:14:47-scGPT-INFO-_train_step: | epoch   3 | 200/342 batches | lr 0.00000025 | ms/batch 882.99 | loss  2.18 | cls  2.18 | err  0.68 | 
14:16:16-scGPT-INFO-_train_step: | epoch   3 | 300/342 batches | lr 0.00000025 | ms/batch 883.67 | loss  2.05 | cls  2.05 | err  0.67 | 
14:17:19-scGPT-INFO-train: Test results on Muraro: {'test/accuracy': 0.38312912346842604, 'test/precision': 0.0981009337949848, 'test/recall': 0.11147030651340997, 'test/macro_f1': 0.06249257502995157}
14:17:19-scGPT-INFO-train: Test results on Xin: {'test/accuracy': 0.5921325051759835, 'test/precision': 0.3145833333333333, 'test/recall': 0.25234169113771554, 'test/macro_f1': 0.19193670450636394}
14:17:19-scGPT-INFO-train: -----------------------------------------------------------------------------------------
14:17:19-scGPT-INFO-train: | end of epoch   3 | time: 332.28s | valid loss/mse 2.0394 | err 0.6406
14:17:19-scGPT-INFO-train: -----------------------------------------------------------------------------------------
14:17:19-scGPT-INFO-train: Best model with score 2.0394
14:18:51-scGPT-INFO-_train_step: | epoch   4 | 100/342 batches | lr 0.00000125 | ms/batch 892.56 | loss  1.97 | cls  1.97 | err  0.67 | 
14:20:20-scGPT-INFO-_train_step: | epoch   4 | 200/342 batches | lr 0.00000125 | ms/batch 882.74 | loss  1.86 | cls  1.86 | err  0.66 | 
14:21:48-scGPT-INFO-_train_step: | epoch   4 | 300/342 batches | lr 0.00000125 | ms/batch 881.71 | loss  1.64 | cls  1.64 | err  0.56 | 
14:22:51-scGPT-INFO-train: Test results on Muraro: {'test/accuracy': 0.43873704052780393, 'test/precision': 0.2352893917382158, 'test/recall': 0.2360326500174415, 'test/macro_f1': 0.19544905952948408}
14:22:51-scGPT-INFO-train: Test results on Xin: {'test/accuracy': 0.45893719806763283, 'test/precision': 0.29284599647352993, 'test/recall': 0.3030613909595161, 'test/macro_f1': 0.23300674333228555}
14:22:51-scGPT-INFO-train: -----------------------------------------------------------------------------------------
14:22:51-scGPT-INFO-train: | end of epoch   4 | time: 331.89s | valid loss/mse 1.4748 | err 0.4679
14:22:51-scGPT-INFO-train: -----------------------------------------------------------------------------------------
14:22:51-scGPT-INFO-train: Best model with score 1.4748
14:24:24-scGPT-INFO-_train_step: | epoch   5 | 100/342 batches | lr 0.00000625 | ms/batch 892.52 | loss  1.36 | cls  1.36 | err  0.44 | 
14:25:52-scGPT-INFO-_train_step: | epoch   5 | 200/342 batches | lr 0.00000625 | ms/batch 882.13 | loss  1.13 | cls  1.13 | err  0.33 | 
14:27:20-scGPT-INFO-_train_step: | epoch   5 | 300/342 batches | lr 0.00000625 | ms/batch 882.80 | loss  1.02 | cls  1.02 | err  0.30 | 
14:28:24-scGPT-INFO-train: Test results on Muraro: {'test/accuracy': 0.6277097078228087, 'test/precision': 0.3718652578037067, 'test/recall': 0.3169507764726108, 'test/macro_f1': 0.2959525116585755}
14:28:24-scGPT-INFO-train: Test results on Xin: {'test/accuracy': 0.8778467908902692, 'test/precision': 0.43756268336835974, 'test/recall': 0.48054677107647514, 'test/macro_f1': 0.45804640291870946}
14:28:24-scGPT-INFO-train: -----------------------------------------------------------------------------------------
14:28:24-scGPT-INFO-train: | end of epoch   5 | time: 332.32s | valid loss/mse 0.7914 | err 0.2410
14:28:24-scGPT-INFO-train: -----------------------------------------------------------------------------------------
14:28:24-scGPT-INFO-train: Best model with score 0.7914
14:29:56-scGPT-INFO-_train_step: | epoch   6 | 100/342 batches | lr 0.00003125 | ms/batch 892.68 | loss  1.13 | cls  1.13 | err  0.36 | 
14:31:24-scGPT-INFO-_train_step: | epoch   6 | 200/342 batches | lr 0.00003125 | ms/batch 882.67 | loss  0.52 | cls  0.52 | err  0.15 | 
14:32:53-scGPT-INFO-_train_step: | epoch   6 | 300/342 batches | lr 0.00003125 | ms/batch 882.64 | loss  0.32 | cls  0.32 | err  0.09 | 
14:33:56-scGPT-INFO-train: Test results on Muraro: {'test/accuracy': 0.8369462770970783, 'test/precision': 0.4272618325977874, 'test/recall': 0.41948399129260516, 'test/macro_f1': 0.42291795629315193}
14:33:56-scGPT-INFO-train: Test results on Xin: {'test/accuracy': 0.9641131815044859, 'test/precision': 0.8927565806125032, 'test/recall': 0.897112903299214, 'test/macro_f1': 0.8791374522619748}
14:33:56-scGPT-INFO-train: -----------------------------------------------------------------------------------------
14:33:56-scGPT-INFO-train: | end of epoch   6 | time: 332.02s | valid loss/mse 0.2456 | err 0.0707
14:33:56-scGPT-INFO-train: -----------------------------------------------------------------------------------------
14:33:56-scGPT-INFO-train: Best model with score 0.2456
14:35:28-scGPT-INFO-_train_step: | epoch   7 | 100/342 batches | lr 0.00015625 | ms/batch 891.86 | loss  0.50 | cls  0.50 | err  0.14 | 
14:36:57-scGPT-INFO-_train_step: | epoch   7 | 200/342 batches | lr 0.00015625 | ms/batch 882.46 | loss  0.45 | cls  0.45 | err  0.11 | 
14:38:25-scGPT-INFO-_train_step: | epoch   7 | 300/342 batches | lr 0.00015625 | ms/batch 883.42 | loss  0.45 | cls  0.45 | err  0.10 | 
14:39:28-scGPT-INFO-train: Test results on Muraro: {'test/accuracy': 0.8213949104618284, 'test/precision': 0.4709107877374736, 'test/recall': 0.42425814648088683, 'test/macro_f1': 0.4401326167845719}
14:39:28-scGPT-INFO-train: Test results on Xin: {'test/accuracy': 0.9440993788819876, 'test/precision': 0.6464668792512962, 'test/recall': 0.49860769133908917, 'test/macro_f1': 0.5463824744292608}
14:39:28-scGPT-INFO-train: -----------------------------------------------------------------------------------------
14:39:28-scGPT-INFO-train: | end of epoch   7 | time: 331.80s | valid loss/mse 0.3956 | err 0.1086
14:39:28-scGPT-INFO-train: -----------------------------------------------------------------------------------------
14:41:00-scGPT-INFO-_train_step: | epoch   8 | 100/342 batches | lr 0.00078125 | ms/batch 891.59 | loss  1.86 | cls  1.86 | err  0.62 | 
